-- The C compiler identification is GNU 11.4.0
-- The CXX compiler identification is GNU 11.4.0
-- Detecting C compiler ABI info
-- Detecting C compiler ABI info - done
-- Check for working C compiler: /usr/bin/cc - skipped
-- Detecting C compile features
-- Detecting C compile features - done
-- Detecting CXX compiler ABI info
-- Detecting CXX compiler ABI info - done
-- Check for working CXX compiler: /usr/bin/c++ - skipped
-- Detecting CXX compile features
-- Detecting CXX compile features - done
[31mCMake Error at CMakeLists.txt:15 (add_custom_command):
  No TARGET 'lecture3' has been created in this directory.

[0m
[31mCMake Error at CMakeLists.txt:31 (set_property):
  set_property could not find TARGET lecture3.  Perhaps it has not yet been
  created.

[0m
-- Configuring incomplete, errors occurred!
