[0.531s] DEBUG:colcon:Command line arguments: ['/usr/bin/colcon', 'build']
[0.532s] DEBUG:colcon:Parsed command line arguments: Namespace(log_base=None, log_level=None, verb_name='build', build_base='build', install_base='install', merge_install=False, symlink_install=False, test_result_base=None, continue_on_error=False, executor='parallel', parallel_workers=16, event_handlers=None, ignore_user_meta=False, metas=['./colcon.meta'], base_paths=['.'], packages_ignore=None, packages_ignore_regex=None, paths=None, packages_up_to=None, packages_up_to_regex=None, packages_above=None, packages_above_and_dependencies=None, packages_above_depth=None, packages_select_by_dep=None, packages_skip_by_dep=None, packages_skip_up_to=None, packages_select_build_failed=False, packages_skip_build_finished=False, packages_select_test_failures=False, packages_skip_test_passed=False, packages_select=None, packages_skip=None, packages_select_regex=None, packages_skip_regex=None, packages_start=None, packages_end=None, allow_overriding=[], cmake_args=None, cmake_target=None, cmake_target_skip_unavailable=False, cmake_clean_cache=False, cmake_clean_first=False, cmake_force_configure=False, ament_cmake_args=None, catkin_cmake_args=None, catkin_skip_building_tests=False, mixin_files=None, mixin=None, verb_parser=<colcon_mixin.mixin.mixin_argument.MixinArgumentDecorator object at 0x7364de87cf40>, verb_extension=<colcon_core.verb.build.BuildVerb object at 0x7364de87c910>, main=<bound method BuildVerb.main of <colcon_core.verb.build.BuildVerb object at 0x7364de87c910>>, mixin_verb=('build',))
[1.299s] Level 1:colcon.colcon_core.package_discovery:discover_packages(colcon_meta) check parameters
[1.299s] Level 1:colcon.colcon_core.package_discovery:discover_packages(recursive) check parameters
[1.299s] Level 1:colcon.colcon_core.package_discovery:discover_packages(ignore) check parameters
[1.299s] Level 1:colcon.colcon_core.package_discovery:discover_packages(path) check parameters
[1.299s] Level 1:colcon.colcon_core.package_discovery:discover_packages(colcon_meta) discover
[1.299s] Level 1:colcon.colcon_core.package_discovery:discover_packages(recursive) discover
[1.299s] INFO:colcon.colcon_core.package_discovery:Crawling recursively for packages in '/home/munyaantony/enpm702_cpp_ws/enpm702_fall2024'
[1.300s] Level 1:colcon.colcon_core.package_identification:_identify(.) by extensions ['ignore', 'ignore_ament_install']
[1.300s] Level 1:colcon.colcon_core.package_identification:_identify(.) by extension 'ignore'
[1.300s] Level 1:colcon.colcon_core.package_identification:_identify(.) by extension 'ignore_ament_install'
[1.300s] Level 1:colcon.colcon_core.package_identification:_identify(.) by extensions ['colcon_pkg']
[1.300s] Level 1:colcon.colcon_core.package_identification:_identify(.) by extension 'colcon_pkg'
[1.300s] Level 1:colcon.colcon_core.package_identification:_identify(.) by extensions ['colcon_meta']
[1.300s] Level 1:colcon.colcon_core.package_identification:_identify(.) by extension 'colcon_meta'
[1.300s] Level 1:colcon.colcon_core.package_identification:_identify(.) by extensions ['ros']
[1.300s] Level 1:colcon.colcon_core.package_identification:_identify(.) by extension 'ros'
[1.346s] Level 1:colcon.colcon_core.package_identification:_identify(.) by extensions ['cmake', 'python']
[1.346s] Level 1:colcon.colcon_core.package_identification:_identify(.) by extension 'cmake'
[11.782s] Level 1:colcon.colcon_core.package_identification:_identify(.) by extension 'python'
[11.782s] DEBUG:colcon.colcon_core.package_identification:Package '.' with type 'cmake' and name 'lecture3'
[11.782s] Level 1:colcon.colcon_core.package_discovery:discover_packages(recursive) using defaults
[11.782s] Level 1:colcon.colcon_core.package_discovery:discover_packages(ignore) discover
[11.782s] Level 1:colcon.colcon_core.package_discovery:discover_packages(ignore) using defaults
[11.782s] Level 1:colcon.colcon_core.package_discovery:discover_packages(path) discover
[11.782s] Level 1:colcon.colcon_core.package_discovery:discover_packages(path) using defaults
[11.866s] Level 1:colcon.colcon_core.package_discovery:discover_packages(prefix_path) check parameters
[11.866s] Level 1:colcon.colcon_core.package_discovery:discover_packages(prefix_path) discover
[11.878s] DEBUG:colcon.colcon_installed_package_information.package_discovery:Found 5 installed packages in /home/munyaantony/enpm662_cpp_ws/ros2_ws_project1/install
[11.882s] DEBUG:colcon.colcon_installed_package_information.package_discovery:Found 402 installed packages in /opt/ros/humble
[11.886s] Level 1:colcon.colcon_core.package_discovery:discover_packages(prefix_path) using defaults
[11.979s] Level 5:colcon.colcon_core.verb:set package 'lecture3' build argument 'cmake_args' from command line to 'None'
[11.979s] Level 5:colcon.colcon_core.verb:set package 'lecture3' build argument 'cmake_target' from command line to 'None'
[11.979s] Level 5:colcon.colcon_core.verb:set package 'lecture3' build argument 'cmake_target_skip_unavailable' from command line to 'False'
[11.979s] Level 5:colcon.colcon_core.verb:set package 'lecture3' build argument 'cmake_clean_cache' from command line to 'False'
[11.979s] Level 5:colcon.colcon_core.verb:set package 'lecture3' build argument 'cmake_clean_first' from command line to 'False'
[11.979s] Level 5:colcon.colcon_core.verb:set package 'lecture3' build argument 'cmake_force_configure' from command line to 'False'
[11.979s] Level 5:colcon.colcon_core.verb:set package 'lecture3' build argument 'ament_cmake_args' from command line to 'None'
[11.980s] Level 5:colcon.colcon_core.verb:set package 'lecture3' build argument 'catkin_cmake_args' from command line to 'None'
[11.980s] Level 5:colcon.colcon_core.verb:set package 'lecture3' build argument 'catkin_skip_building_tests' from command line to 'False'
[11.980s] DEBUG:colcon.colcon_core.verb:Building package 'lecture3' with the following arguments: {'ament_cmake_args': None, 'build_base': '/home/munyaantony/enpm702_cpp_ws/enpm702_fall2024/build/lecture3', 'catkin_cmake_args': None, 'catkin_skip_building_tests': False, 'cmake_args': None, 'cmake_clean_cache': False, 'cmake_clean_first': False, 'cmake_force_configure': False, 'cmake_target': None, 'cmake_target_skip_unavailable': False, 'install_base': '/home/munyaantony/enpm702_cpp_ws/enpm702_fall2024/install/lecture3', 'merge_install': False, 'path': '/home/munyaantony/enpm702_cpp_ws/enpm702_fall2024', 'symlink_install': False, 'test_result_base': None}
[11.980s] INFO:colcon.colcon_core.executor:Executing jobs using 'parallel' executor
[11.981s] DEBUG:colcon.colcon_parallel_executor.executor.parallel:run_until_complete
[11.981s] INFO:colcon.colcon_cmake.task.cmake.build:Building CMake package in '/home/munyaantony/enpm702_cpp_ws/enpm702_fall2024'
[11.987s] INFO:colcon.colcon_core.plugin_system:Skipping extension 'colcon_core.shell.bat': Not used on non-Windows systems
[11.987s] INFO:colcon.colcon_core.shell:Skip shell extension 'powershell' for command environment: Not usable outside of PowerShell
[11.987s] DEBUG:colcon.colcon_core.shell:Skip shell extension 'dsv' for command environment
[11.996s] DEBUG:colcon.colcon_core.event_handler.log_command:Invoking command in '/home/munyaantony/enpm702_cpp_ws/enpm702_fall2024/build/lecture3': /usr/local/bin/cmake /home/munyaantony/enpm702_cpp_ws/enpm702_fall2024 -DCMAKE_INSTALL_PREFIX=/home/munyaantony/enpm702_cpp_ws/enpm702_fall2024/install/lecture3
[13.111s] DEBUG:colcon.colcon_core.event_handler.log_command:Invoked command in '/home/munyaantony/enpm702_cpp_ws/enpm702_fall2024/build/lecture3' returned '1': /usr/local/bin/cmake /home/munyaantony/enpm702_cpp_ws/enpm702_fall2024 -DCMAKE_INSTALL_PREFIX=/home/munyaantony/enpm702_cpp_ws/enpm702_fall2024/install/lecture3
[13.123s] DEBUG:colcon.colcon_parallel_executor.executor.parallel:closing loop
[13.123s] DEBUG:colcon.colcon_parallel_executor.executor.parallel:loop closed
[13.123s] DEBUG:colcon.colcon_parallel_executor.executor.parallel:run_until_complete finished with '1'
[13.123s] DEBUG:colcon.colcon_core.event_reactor:joining thread
[13.142s] INFO:colcon.colcon_core.plugin_system:Skipping extension 'colcon_notification.desktop_notification.terminal_notifier': Not used on non-Darwin systems
[13.142s] INFO:colcon.colcon_core.plugin_system:Skipping extension 'colcon_notification.desktop_notification.win32': Not used on non-Windows systems
[13.143s] INFO:colcon.colcon_notification.desktop_notification:Sending desktop notification using 'notify2'
[13.183s] DEBUG:colcon.colcon_core.event_reactor:joined thread
[13.184s] INFO:colcon.colcon_core.shell:Creating prefix script '/home/munyaantony/enpm702_cpp_ws/enpm702_fall2024/install/local_setup.ps1'
[13.187s] INFO:colcon.colcon_core.shell:Creating prefix util module '/home/munyaantony/enpm702_cpp_ws/enpm702_fall2024/install/_local_setup_util_ps1.py'
[13.191s] INFO:colcon.colcon_core.shell:Creating prefix chain script '/home/munyaantony/enpm702_cpp_ws/enpm702_fall2024/install/setup.ps1'
[13.195s] INFO:colcon.colcon_core.shell:Creating prefix script '/home/munyaantony/enpm702_cpp_ws/enpm702_fall2024/install/local_setup.sh'
[13.197s] INFO:colcon.colcon_core.shell:Creating prefix util module '/home/munyaantony/enpm702_cpp_ws/enpm702_fall2024/install/_local_setup_util_sh.py'
[13.198s] INFO:colcon.colcon_core.shell:Creating prefix chain script '/home/munyaantony/enpm702_cpp_ws/enpm702_fall2024/install/setup.sh'
[13.201s] INFO:colcon.colcon_core.shell:Creating prefix script '/home/munyaantony/enpm702_cpp_ws/enpm702_fall2024/install/local_setup.bash'
[13.203s] INFO:colcon.colcon_core.shell:Creating prefix chain script '/home/munyaantony/enpm702_cpp_ws/enpm702_fall2024/install/setup.bash'
[13.208s] INFO:colcon.colcon_core.shell:Creating prefix script '/home/munyaantony/enpm702_cpp_ws/enpm702_fall2024/install/local_setup.zsh'
[13.210s] INFO:colcon.colcon_core.shell:Creating prefix chain script '/home/munyaantony/enpm702_cpp_ws/enpm702_fall2024/install/setup.zsh'
